// Jest Snapshot v1, https://goo.gl/fbAQLP

exports[`renders correctly 1`] = `
[
  <div
    className="css-12hvf5p"
  >
    <div
      className="css-1uwjw6e"
    >
      <button
        aria-label="Switch to dark mode"
        className="chakra-button css-rpznon"
        onClick={[Function]}
        type="button"
      >
        <svg
          aria-hidden={true}
          fill="currentColor"
          focusable={false}
          height="1em"
          stroke="currentColor"
          strokeWidth="0"
          style={
            {
              "color": undefined,
            }
          }
          viewBox="0 0 512 512"
          width="1em"
          xmlns="http://www.w3.org/2000/svg"
        >
          <path
            d="M283.211 512c78.962 0 151.079-35.925 198.857-94.792 7.068-8.708-.639-21.43-11.562-19.35-124.203 23.654-238.262-71.576-238.262-196.954 0-72.222 38.662-138.635 101.498-174.394 9.686-5.512 7.25-20.197-3.756-22.23A258.156 258.156 0 0 0 283.211 0c-141.309 0-256 114.511-256 256 0 141.309 114.511 256 256 256z"
          />
        </svg>
      </button>
    </div>
    <div
      className="css-minuen"
    >
      <div
        className="chakra-stack css-2ej8z4"
      >
        <form
          onSubmit={[Function]}
        >
          <div
            className="chakra-form-control css-1kxonj9"
            role="group"
          >
            <div
              className="chakra-stack css-19phkgx"
            >
              <input
                className="chakra-input css-f21rl8"
                disabled={false}
                id="field-:r0:"
                onBlur={[Function]}
                onChange={[Function]}
                onFocus={[Function]}
                placeholder="Search by name"
                readOnly={false}
                required={false}
                value=""
              />
              <button
                aria-label="Search by name"
                className="chakra-button css-22xpxh"
                disabled={true}
                onClick={[Function]}
                type="submit"
              >
                <svg
                  aria-hidden={true}
                  className="chakra-icon css-onkibi"
                  focusable={false}
                  viewBox="0 0 24 24"
                >
                  <path
                    d="M23.384,21.619,16.855,15.09a9.284,9.284,0,1,0-1.768,1.768l6.529,6.529a1.266,1.266,0,0,0,1.768,0A1.251,1.251,0,0,0,23.384,21.619ZM2.75,9.5a6.75,6.75,0,1,1,6.75,6.75A6.758,6.758,0,0,1,2.75,9.5Z"
                    fill="currentColor"
                  />
                </svg>
              </button>
            </div>
          </div>
        </form>
        <div
          className="chakra-card css-tvyu66"
        >
          <div
            className="chakra-card__header css-1sl53ol"
          >
            <h2
              className="chakra-heading css-18j379d"
            >
              Loading Pokemon
            </h2>
          </div>
          <div
            className="chakra-card__body css-1idwstw"
          >
            <div
              className="css-gmuwbf"
            >
              <div
                className="chakra-spinner css-jmuyva"
              >
                <span
                  className="css-8b45rq"
                >
                  Loading...
                </span>
              </div>
            </div>
          </div>
          <hr
            aria-orientation="horizontal"
            className="chakra-divider css-svjswr"
          />
          <div
            className="chakra-card__footer css-yqdxxt"
          >
            <div
              className="chakra-button__group css-rl82lu"
              data-orientation="horizontal"
              role="group"
            >
              <button
                className="chakra-button css-4q1fv"
                disabled={true}
                onClick={[Function]}
                type="button"
              >
                Pick Another!
              </button>
              <button
                className="chakra-button css-robh9b"
                disabled={true}
                onClick={[Function]}
                type="button"
              >
                Make it Shiny!
              </button>
            </div>
            <button
              className="chakra-button css-18g7yvo"
              disabled={true}
              onClick={[Function]}
              type="button"
            >
              <svg
                className="chakra-icon css-onkibi"
                focusable={false}
                viewBox="0 0 24 24"
              >
                <path
                  d="M23.555,8.729a1.505,1.505,0,0,0-1.406-.98H16.062a.5.5,0,0,1-.472-.334L13.405,1.222a1.5,1.5,0,0,0-2.81,0l-.005.016L8.41,7.415a.5.5,0,0,1-.471.334H1.85A1.5,1.5,0,0,0,.887,10.4l5.184,4.3a.5.5,0,0,1,.155.543L4.048,21.774a1.5,1.5,0,0,0,2.31,1.684l5.346-3.92a.5.5,0,0,1,.591,0l5.344,3.919a1.5,1.5,0,0,0,2.312-1.683l-2.178-6.535a.5.5,0,0,1,.155-.543l5.194-4.306A1.5,1.5,0,0,0,23.555,8.729Z"
                  fill="currentColor"
                />
              </svg>
            </button>
          </div>
        </div>
        <div
          className="chakra-stack css-1vvozj3"
        >
          <h2
            className="chakra-heading css-1dklj6k"
          >
            Favorites
          </h2>
          <div
            className="chakra-stack css-1s7js4x"
          />
        </div>
      </div>
    </div>
  </div>,
  <span />,
  <span
    hidden={true}
    id="__chakra_env"
  />,
]
`;
